[INFO] Scanning for projects...
[INFO] 
[INFO] ---------------------------< start:students >---------------------------
[INFO] Building students 0.0.1-SNAPSHOT
[INFO]   from pom.xml
[INFO] --------------------------------[ jar ]---------------------------------
[INFO] 
[INFO] --- clover:4.4.1:setup (clover-setup) @ students ---
[INFO] No Clover instrumentation done on source files in: [C:\Users\irocha\OneDrive - Capgemini\Documentos\Github\start-back-dev\src\main\java] as no matching sources files found (JAVA_LANGUAGE)
[INFO] OpenClover Version 4.4.1, built on October 11 2019 (build-1020)
[INFO] Updating existing database at 'C:\Users\irocha\OneDrive - Capgemini\Documentos\Github\start-back-dev\target\clover\clover.db'.
[INFO] Processing files at 1.9 source level.
[INFO] Clover all over. Instrumented 4 files (1 package).
[WARNING] Plugin is modifying compileSourceRoots through iterator.remove(), which will not work in Maven 4.0.0. Use MavenProject.addCompileSourceRoot()/removeCompileSourceRoot() methods instead. If using a plugin, please upgrade to the latest version or report the issue to the plugin maintainer. To disable these warnings, set -Dmaven.project.sourceRoots.warningsDisabled=true on the command line, in the .mvn/maven.config file, or in project POM properties.
[WARNING] Plugin is modifying testCompileSourceRoots through iterator.remove(), which will not work in Maven 4.0.0. Use MavenProject.addTestCompileSourceRoot()/removeTestCompileSourceRoot() methods instead. If using a plugin, please upgrade to the latest version or report the issue to the plugin maintainer. To disable these warnings, set -Dmaven.project.sourceRoots.warningsDisabled=true on the command line, in the .mvn/maven.config file, or in project POM properties.
[INFO] 
[INFO] --- resources:3.3.1:resources (default-resources) @ students ---
[INFO] Copying 1 resource from src\main\resources to target\classes
[INFO] Copying 0 resource from src\main\resources to target\classes
[INFO] Copying 1 resource from target\classes\groverconfig2209262142454114428 to target\classes
[INFO] 
[INFO] --- compiler:3.14.1:compile (default-compile) @ students ---
[INFO] Recompiling the module because of changed dependency.
[INFO] Compiling 48 source files with javac [debug parameters release 17] to target\classes
[INFO] 
[INFO] --- resources:3.3.1:testResources (default-testResources) @ students ---
[INFO] skip non existing resourceDirectory C:\Users\irocha\OneDrive - Capgemini\Documentos\Github\start-back-dev\src\test\resources
[INFO] 
[INFO] --- compiler:3.14.1:testCompile (default-testCompile) @ students ---
[INFO] Recompiling the module because of changed dependency.
[INFO] Compiling 32 source files with javac [debug parameters release 17] to target\test-classes
[INFO] -------------------------------------------------------------
[ERROR] COMPILATION ERROR : 
[INFO] -------------------------------------------------------------
[ERROR] /C:/Users/irocha/OneDrive - Capgemini/Documentos/Github/start-back-dev/target/clover/src-test-instrumented/start/students/adapters/outbound/persistence/adapters/UserPersistenceAdapterTest.java:[38,57] no suitable constructor found for UserJpaEntity(java.lang.String,java.lang.String,java.lang.String,java.lang.String,java.lang.String,java.time.LocalDateTime,java.time.LocalDateTime)
    constructor start.students.adapters.outbound.persistence.entities.UserJpaEntity.UserJpaEntity() is not applicable
      (actual and formal argument lists differ in length)
    constructor start.students.adapters.outbound.persistence.entities.UserJpaEntity.UserJpaEntity(java.lang.String,java.lang.String,java.lang.String,java.lang.String,java.time.LocalDateTime,java.time.LocalDateTime) is not applicable
      (actual and formal argument lists differ in length)
[ERROR] /C:/Users/irocha/OneDrive - Capgemini/Documentos/Github/start-back-dev/target/clover/src-test-instrumented/start/students/adapters/outbound/persistence/adapters/UserPersistenceAdapterTest.java:[48,57] no suitable constructor found for User(java.lang.String,java.lang.String,java.lang.String,java.lang.String,java.lang.String,java.time.LocalDateTime,java.time.LocalDateTime)
    constructor start.students.core.domain.entities.User.User() is not applicable
      (actual and formal argument lists differ in length)
    constructor start.students.core.domain.entities.User.User(java.lang.String,java.lang.String,java.lang.String,java.lang.String,java.time.LocalDateTime,java.time.LocalDateTime) is not applicable
      (actual and formal argument lists differ in length)
[INFO] 2 errors 
[INFO] -------------------------------------------------------------
[INFO] ------------------------------------------------------------------------
[INFO] BUILD FAILURE
[INFO] ------------------------------------------------------------------------
[INFO] Total time:  22.228 s
[INFO] Finished at: 2026-02-19T22:00:26-03:00
[INFO] ------------------------------------------------------------------------
[ERROR] Failed to execute goal org.apache.maven.plugins:maven-compiler-plugin:3.14.1:testCompile (default-testCompile) on project students: Compilation failure: Compilation failure: 
[ERROR] /C:/Users/irocha/OneDrive - Capgemini/Documentos/Github/start-back-dev/target/clover/src-test-instrumented/start/students/adapters/outbound/persistence/adapters/UserPersistenceAdapterTest.java:[38,57] no suitable constructor found for UserJpaEntity(java.lang.String,java.lang.String,java.lang.String,java.lang.String,java.lang.String,java.time.LocalDateTime,java.time.LocalDateTime)
[ERROR]     constructor start.students.adapters.outbound.persistence.entities.UserJpaEntity.UserJpaEntity() is not applicable
[ERROR]       (actual and formal argument lists differ in length)
[ERROR]     constructor start.students.adapters.outbound.persistence.entities.UserJpaEntity.UserJpaEntity(java.lang.String,java.lang.String,java.lang.String,java.lang.String,java.time.LocalDateTime,java.time.LocalDateTime) is not applicable
[ERROR]       (actual and formal argument lists differ in length)
[ERROR] /C:/Users/irocha/OneDrive - Capgemini/Documentos/Github/start-back-dev/target/clover/src-test-instrumented/start/students/adapters/outbound/persistence/adapters/UserPersistenceAdapterTest.java:[48,57] no suitable constructor found for User(java.lang.String,java.lang.String,java.lang.String,java.lang.String,java.lang.String,java.time.LocalDateTime,java.time.LocalDateTime)
[ERROR]     constructor start.students.core.domain.entities.User.User() is not applicable
[ERROR]       (actual and formal argument lists differ in length)
[ERROR]     constructor start.students.core.domain.entities.User.User(java.lang.String,java.lang.String,java.lang.String,java.lang.String,java.time.LocalDateTime,java.time.LocalDateTime) is not applicable
[ERROR]       (actual and formal argument lists differ in length)
[ERROR] -> [Help 1]
[ERROR] 
[ERROR] To see the full stack trace of the errors, re-run Maven with the -e switch.
[ERROR] Re-run Maven using the -X switch to enable full debug logging.
[ERROR] 
[ERROR] For more information about the errors and possible solutions, please read the following articles:
[ERROR] [Help 1] http://cwiki.apache.org/confluence/display/MAVEN/MojoFailureException
